srun: warning: can't honor --ntasks-per-node set to 1 which doesn't match the requested tasks 2 and -mpack, which forces min number of nodes to 1
+ TOTAL_NODES=3
+ MASTER_ADDR=c1912
+ OFFSET_RANK=0
+ GPUS_PER_NODE=1
+ nvidia-smi
+ export HOME=/scrfs/storage/tp030/home
+ HOME=/scrfs/storage/tp030/home
+ export OMP_NUM_THREADS=24
+ OMP_NUM_THREADS=24
+ export NCCL_DEBUG=INFO
+ NCCL_DEBUG=INFO
+ apptainer exec --nv --writable-tmpfs --env VLLM_SKIP_P2P_CHECK=1 --bind /scrfs/storage/tp030/home:/scrfs/storage/tp030/home /scrfs/storage/tp030/home/qwenvl-2.5-cu121.sif bash train.sh 3 c1912 0 1
+ TOTAL_NODES=3
+ MASTER_ADDR=c1912
+ OFFSET_RANK=0
+ GPUS_PER_NODE=1
+ nvidia-smi
+ export HOME=/scrfs/storage/tp030/home
+ HOME=/scrfs/storage/tp030/home
+ export OMP_NUM_THREADS=24
+ OMP_NUM_THREADS=24
+ export NCCL_DEBUG=INFO
+ NCCL_DEBUG=INFO
+ apptainer exec --nv --writable-tmpfs --env VLLM_SKIP_P2P_CHECK=1 --bind /scrfs/storage/tp030/home:/scrfs/storage/tp030/home /scrfs/storage/tp030/home/qwenvl-2.5-cu121.sif bash train.sh 3 c1912 0 1
GPU available: True (cuda), used: True
TPU available: False, using: 0 TPU cores
HPU available: False, using: 0 HPUs
You are using a CUDA device ('NVIDIA A100-PCIE-40GB') that has Tensor Cores. To properly utilize them, you should set `torch.set_float32_matmul_precision('medium' | 'high')` which will trade-off precision for performance. For more details, read https://pytorch.org/docs/stable/generated/torch.set_float32_matmul_precision.html#torch.set_float32_matmul_precision
initializing deepspeed distributed: GLOBAL_RANK: 0, MEMBER: 1/6
initializing deepspeed distributed: GLOBAL_RANK: 1, MEMBER: 2/6
2025-09-09 04:07:48.555212: I tensorflow/core/platform/cpu_feature_guard.cc:210] This TensorFlow binary is optimized to use available CPU instructions in performance-critical operations.
To enable the following instructions: AVX2 FMA, in other operations, rebuild TensorFlow with the appropriate compiler flags.
LOCAL_RANK: 0 - CUDA_VISIBLE_DEVICES: [0]
You have specified an optimizer and/or scheduler within the DeepSpeed config. It is recommended to define it in `LightningModule.configure_optimizers`.
LOCAL_RANK: 0 - CUDA_VISIBLE_DEVICES: [0]
[rank0]:W0909 04:07:51.411000 2191935 torch/utils/cpp_extension.py:2425] TORCH_CUDA_ARCH_LIST is not set, all archs for visible cards are included for compilation. 
[rank0]:W0909 04:07:51.411000 2191935 torch/utils/cpp_extension.py:2425] If this is not desired, please set os.environ['TORCH_CUDA_ARCH_LIST'] to specific architectures.
/scrfs/storage/tp030/home/ftvae/ita-mdt_code/.venv/lib/python3.11/site-packages/pytorch_lightning/strategies/deepspeed.py:640: When saving the DeepSpeed Stage 3 checkpoint, each worker will save a shard of the checkpoint within a directory. If a single file is required after training, see https://lightning.ai/docs/pytorch/stable/advanced/model_parallel.html#deepspeed-zero-stage-3-single-file for instructions.
`Trainer.fit` stopped: `max_epochs=20` reached.
