warning: `VIRTUAL_ENV=/scrfs/storage/tp030/home/ftvae/ita-mdt_code/.venv` does not match the project environment path `/home/tp030/ftvae/ita-mdt_code_wan_vae/.venv` and will be ignored; use `--active` to target the active environment instead
Resolved 111 packages in 2ms
Audited 109 packages in 0.07ms
Using Python 3.11.13 environment at: /scrfs/storage/tp030/home/ftvae/ita-mdt_code/.venv
warning: Skipping opencv-python as it is not installed
Uninstalled 1 package in 107ms
 - opencv-python-headless==4.12.0.88
Using Python 3.11.13 environment at: /scrfs/storage/tp030/home/ftvae/ita-mdt_code/.venv
Resolved 2 packages in 6ms
Installed 1 package in 66ms
 + opencv-python-headless==4.12.0.88
warning: `VIRTUAL_ENV=/scrfs/storage/tp030/home/ftvae/ita-mdt_code/.venv` does not match the project environment path `/home/tp030/ftvae/ita-mdt_code_wan_vae/.venv` and will be ignored; use `--active` to target the active environment instead
Resolved 111 packages in 2ms
Audited 109 packages in 0.06ms
Using Python 3.11.13 environment at: /scrfs/storage/tp030/home/ftvae/ita-mdt_code/.venv
warning: Skipping opencv-python as it is not installed
Uninstalled 1 package in 101ms
 - opencv-python-headless==4.12.0.88
Using Python 3.11.13 environment at: /scrfs/storage/tp030/home/ftvae/ita-mdt_code/.venv
Resolved 2 packages in 4ms
Installed 1 package in 66ms
 + opencv-python-headless==4.12.0.88
warning: `VIRTUAL_ENV=/scrfs/storage/tp030/home/ftvae/ita-mdt_code/.venv` does not match the project environment path `/home/tp030/ftvae/ita-mdt_code_wan_vae/.venv` and will be ignored; use `--active` to target the active environment instead
Resolved 111 packages in 2ms
Audited 109 packages in 0.07ms
Using Python 3.11.13 environment at: /scrfs/storage/tp030/home/ftvae/ita-mdt_code/.venv
warning: Skipping opencv-python as it is not installed
Uninstalled 1 package in 105ms
 - opencv-python-headless==4.12.0.88
Using Python 3.11.13 environment at: /scrfs/storage/tp030/home/ftvae/ita-mdt_code/.venv
Resolved 2 packages in 6ms
Installed 1 package in 65ms
 + opencv-python-headless==4.12.0.88
GPU available: True (cuda), used: True
TPU available: False, using: 0 TPU cores
HPU available: False, using: 0 HPUs
You are using a CUDA device ('NVIDIA A100-PCIE-40GB') that has Tensor Cores. To properly utilize them, you should set `torch.set_float32_matmul_precision('medium' | 'high')` which will trade-off precision for performance. For more details, read https://pytorch.org/docs/stable/generated/torch.set_float32_matmul_precision.html#torch.set_float32_matmul_precision
initializing deepspeed distributed: GLOBAL_RANK: 0, MEMBER: 1/6
initializing deepspeed distributed: GLOBAL_RANK: 4, MEMBER: 5/6
initializing deepspeed distributed: GLOBAL_RANK: 3, MEMBER: 4/6
initializing deepspeed distributed: GLOBAL_RANK: 2, MEMBER: 3/6
initializing deepspeed distributed: GLOBAL_RANK: 5, MEMBER: 6/6
initializing deepspeed distributed: GLOBAL_RANK: 1, MEMBER: 2/6
2025-09-12 12:42:38.711986: I tensorflow/core/platform/cpu_feature_guard.cc:210] This TensorFlow binary is optimized to use available CPU instructions in performance-critical operations.
To enable the following instructions: AVX2 FMA, in other operations, rebuild TensorFlow with the appropriate compiler flags.
LOCAL_RANK: 1 - CUDA_VISIBLE_DEVICES: [0,1,2,3]
LOCAL_RANK: 2 - CUDA_VISIBLE_DEVICES: [0,1,2,3]
LOCAL_RANK: 0 - CUDA_VISIBLE_DEVICES: [0]
LOCAL_RANK: 0 - CUDA_VISIBLE_DEVICES: [0]
LOCAL_RANK: 0 - CUDA_VISIBLE_DEVICES: [0,1,2,3]
You have specified an optimizer and/or scheduler within the DeepSpeed config. It is recommended to define it in `LightningModule.configure_optimizers`.
LOCAL_RANK: 3 - CUDA_VISIBLE_DEVICES: [0,1,2,3]
[rank0]:W0912 12:42:41.774000 2576542 torch/utils/cpp_extension.py:2425] TORCH_CUDA_ARCH_LIST is not set, all archs for visible cards are included for compilation. 
[rank0]:W0912 12:42:41.774000 2576542 torch/utils/cpp_extension.py:2425] If this is not desired, please set os.environ['TORCH_CUDA_ARCH_LIST'] to specific architectures.
/scrfs/storage/tp030/home/ftvae/ita-mdt_code/.venv/lib/python3.11/site-packages/torch/utils/data/dataloader.py:627: UserWarning: This DataLoader will create 24 worker processes in total. Our suggested max number of worker in current system is 8, which is smaller than what this DataLoader is going to create. Please be aware that excessive worker creation might get DataLoader running slow or even freeze, lower the worker number to avoid potential slowness/freeze if necessary.
  warnings.warn(
/scrfs/storage/tp030/home/ftvae/ita-mdt_code/.venv/lib/python3.11/site-packages/torch/utils/data/dataloader.py:627: UserWarning: This DataLoader will create 24 worker processes in total. Our suggested max number of worker in current system is 8, which is smaller than what this DataLoader is going to create. Please be aware that excessive worker creation might get DataLoader running slow or even freeze, lower the worker number to avoid potential slowness/freeze if necessary.
  warnings.warn(
/scrfs/storage/tp030/home/ftvae/ita-mdt_code/.venv/lib/python3.11/site-packages/torch/utils/data/dataloader.py:627: UserWarning: This DataLoader will create 24 worker processes in total. Our suggested max number of worker in current system is 8, which is smaller than what this DataLoader is going to create. Please be aware that excessive worker creation might get DataLoader running slow or even freeze, lower the worker number to avoid potential slowness/freeze if necessary.
  warnings.warn(
/scrfs/storage/tp030/home/ftvae/ita-mdt_code/.venv/lib/python3.11/site-packages/torch/utils/data/dataloader.py:627: UserWarning: This DataLoader will create 24 worker processes in total. Our suggested max number of worker in current system is 8, which is smaller than what this DataLoader is going to create. Please be aware that excessive worker creation might get DataLoader running slow or even freeze, lower the worker number to avoid potential slowness/freeze if necessary.
  warnings.warn(
/scrfs/storage/tp030/home/ftvae/ita-mdt_code/.venv/lib/python3.11/site-packages/torch/utils/data/dataloader.py:627: UserWarning: This DataLoader will create 24 worker processes in total. Our suggested max number of worker in current system is 8, which is smaller than what this DataLoader is going to create. Please be aware that excessive worker creation might get DataLoader running slow or even freeze, lower the worker number to avoid potential slowness/freeze if necessary.
  warnings.warn(
/scrfs/storage/tp030/home/ftvae/ita-mdt_code/.venv/lib/python3.11/site-packages/torch/utils/data/dataloader.py:627: UserWarning: This DataLoader will create 24 worker processes in total. Our suggested max number of worker in current system is 8, which is smaller than what this DataLoader is going to create. Please be aware that excessive worker creation might get DataLoader running slow or even freeze, lower the worker number to avoid potential slowness/freeze if necessary.
  warnings.warn(
/scrfs/storage/tp030/home/ftvae/ita-mdt_code/.venv/lib/python3.11/site-packages/pytorch_lightning/strategies/deepspeed.py:640: When saving the DeepSpeed Stage 3 checkpoint, each worker will save a shard of the checkpoint within a directory. If a single file is required after training, see https://lightning.ai/docs/pytorch/stable/advanced/model_parallel.html#deepspeed-zero-stage-3-single-file for instructions.
